[tc] GPU=NVIDIA H200 sm_90 dtype=bf16 head_dim=128 tokens=131072 normalize=true
[tc] full-tensor absolute check: reference=optimized_regression elements=16777216
[tc] accuracy vs FP64 reference (first 4096 tokens, threshold 5e-02)
       baseline   max_abs=1.552525e-02 max_rel=3.866114e-03 max_ulp=0.500 rmse=1.659436e-03 bit_exact_vs_optimized=1.0000 reference_max_abs=0.000000e+00 REGRESSION_PASS(not PDF verified)
       warp       max_abs=1.552525e-02 max_rel=3.866114e-03 max_ulp=0.500 rmse=1.659436e-03 bit_exact_vs_optimized=1.0000 reference_max_abs=0.000000e+00 REGRESSION_PASS(not PDF verified)
       tc_fast    max_abs=1.669480e-02 max_rel=5.227909e-03 max_ulp=1.013 rmse=2.350751e-03 bit_exact_vs_optimized=0.5867 reference_max_abs=3.125000e-02 REGRESSION_PASS(not PDF verified)
       tc_split   max_abs=1.552525e-02 max_rel=3.866114e-03 max_ulp=0.500 rmse=1.659436e-03 bit_exact_vs_optimized=0.9997 reference_max_abs=1.562500e-02 REGRESSION_PASS(not PDF verified)
[tc] fused vs same-algorithm unfused: opt(9.2)=bit-exact warp=bit-exact tc_fast=bit-exact tc_split=bit-exact
[tc] fused_tc_split vs fused_warp (FP32 FHT) INT4 bytes: differs
[tc] transform timings (avg ms, speedup vs baseline / vs best non-TC)
       baseline   0.100472  1.00x  0.25x
       optimized  0.045473  2.21x  0.56x
       warp       0.025481  3.94x  1.00x
       tc_fast    0.048459  2.07x  0.53x
       tc_split   0.059585  1.69x  0.43x
[tc] fused INT4 timings (avg ms, speedup vs unfused / vs best non-TC fused)
       unfused_int4         0.107061  1.00x  0.30x  quant=reference
       fused_opt_int4       0.084935  1.26x  0.38x  quant=bit-exact
       fused_warp_int4      0.031924  3.35x  1.00x  quant=bit-exact
       fused_tc_fast_int4   0.048840  2.19x  0.65x  quant=bit-exact
       fused_tc_split_int4  0.060133  1.78x  0.53x  quant=bit-exact
