torch.float16 64 1 0 checked 8
torch.float16 64 1 1 checked 8
torch.float16 64 128 0 checked 8
torch.float16 64 128 1 checked 8
torch.float16 64 16384 0 checked 8
torch.float16 64 16384 1 checked 8
torch.float16 64 131072 0 checked 8
torch.float16 64 131072 1 checked 8
torch.float16 128 1 0 checked 8
torch.float16 128 1 1 checked 8
torch.float16 128 128 0 checked 8
torch.float16 128 128 1 checked 8
torch.float16 128 16384 0 checked 8
torch.float16 128 16384 1 checked 8
torch.float16 128 131072 0 checked 8
torch.float16 128 131072 1 checked 8
torch.float16 256 1 0 checked 8
torch.float16 256 1 1 checked 8
torch.float16 256 128 0 checked 8
torch.float16 256 128 1 checked 8
torch.float16 256 16384 0 checked 8
torch.float16 256 16384 1 checked 8
torch.float16 256 131072 0 checked 8
torch.float16 256 131072 1 checked 8
torch.bfloat16 64 1 0 checked 8
torch.bfloat16 64 1 1 checked 8
torch.bfloat16 64 128 0 checked 8
torch.bfloat16 64 128 1 checked 8
torch.bfloat16 64 16384 0 checked 8
torch.bfloat16 64 16384 1 checked 8
torch.bfloat16 64 131072 0 checked 8
torch.bfloat16 64 131072 1 checked 8
torch.bfloat16 128 1 0 checked 8
torch.bfloat16 128 1 1 checked 8
torch.bfloat16 128 128 0 checked 8
torch.bfloat16 128 128 1 checked 8
torch.bfloat16 128 16384 0 checked 8
torch.bfloat16 128 16384 1 checked 8
torch.bfloat16 128 131072 0 checked 8
torch.bfloat16 128 131072 1 checked 8
torch.bfloat16 256 1 0 checked 8
torch.bfloat16 256 1 1 checked 8
torch.bfloat16 256 128 0 checked 8
torch.bfloat16 256 128 1 checked 8
torch.bfloat16 256 16384 0 checked 8
torch.bfloat16 256 16384 1 checked 8
torch.bfloat16 256 131072 0 checked 8
torch.bfloat16 256 131072 1 checked 8
