========= COMPUTE-SANITIZER
[tc] GPU=NVIDIA H200 sm_90 dtype=bf16 head_dim=512 tokens=5 normalize=true
[tc] full-tensor absolute check: reference=optimized_regression elements=2560
[tc] accuracy vs FP64 reference (first 5 tokens, threshold 5e-02)
       baseline   max_abs=7.715538e-03 max_rel=3.068556e-03 max_ulp=0.494 rmse=1.688079e-03 bit_exact_vs_optimized=1.0000 reference_max_abs=0.000000e+00 REGRESSION_PASS(not PDF verified)
       warp       max_abs=7.715538e-03 max_rel=3.068556e-03 max_ulp=0.494 rmse=1.688079e-03 bit_exact_vs_optimized=1.0000 reference_max_abs=0.000000e+00 REGRESSION_PASS(not PDF verified)
       tc_fast    max_abs=1.000669e-02 max_rel=3.372225e-03 max_ulp=0.640 rmse=2.408195e-03 bit_exact_vs_optimized=0.5687 reference_max_abs=1.562500e-02 REGRESSION_PASS(not PDF verified)
       tc_split   max_abs=7.715538e-03 max_rel=3.068556e-03 max_ulp=0.494 rmse=1.688080e-03 bit_exact_vs_optimized=0.9992 reference_max_abs=3.906250e-03 REGRESSION_PASS(not PDF verified)
[tc] fused vs same-algorithm unfused: opt(9.2)=bit-exact warp=bit-exact tc_fast=n/a tc_split=n/a
[tc] fused_tc_split vs fused_warp (FP32 FHT) INT4 bytes: n/a
[tc] transform timings (avg ms, speedup vs baseline / vs best non-TC)
       baseline   20.800896  1.00x  0.24x
       optimized  5.344192  3.89x  0.95x
       warp       5.052800  4.12x  1.00x
       tc_fast    6.898912  3.02x  0.73x
       tc_split   6.931168  3.00x  0.73x
[tc] fused INT4 timings (avg ms, speedup vs unfused / vs best non-TC fused)
       unfused_int4         10.157696  1.00x  0.50x  quant=reference
       fused_opt_int4       5.462688  1.86x  0.93x  quant=bit-exact
       fused_warp_int4      5.060032  2.01x  1.00x  quant=bit-exact
========= RACECHECK SUMMARY: 0 hazards displayed (0 errors, 0 warnings)
