[tc] GPU=NVIDIA H200 sm_90 dtype=bf16 head_dim=128 tokens=131072 normalize=true
[tc] full-tensor absolute check: reference=optimized_regression elements=16777216
[tc] accuracy vs FP64 reference (first 4096 tokens, threshold 5e-02)
       baseline   max_abs=1.552525e-02 max_rel=3.866114e-03 max_ulp=0.500 rmse=1.659436e-03 bit_exact_vs_optimized=1.0000 reference_max_abs=0.000000e+00 REGRESSION_PASS(not PDF verified)
       warp       max_abs=1.552525e-02 max_rel=3.866114e-03 max_ulp=0.500 rmse=1.659436e-03 bit_exact_vs_optimized=1.0000 reference_max_abs=0.000000e+00 REGRESSION_PASS(not PDF verified)
       tc_fast    max_abs=1.669480e-02 max_rel=5.227909e-03 max_ulp=1.013 rmse=2.350751e-03 bit_exact_vs_optimized=0.5867 reference_max_abs=3.125000e-02 REGRESSION_PASS(not PDF verified)
       tc_split   max_abs=1.552525e-02 max_rel=3.866114e-03 max_ulp=0.500 rmse=1.659436e-03 bit_exact_vs_optimized=0.9997 reference_max_abs=1.562500e-02 REGRESSION_PASS(not PDF verified)
[tc] fused vs same-algorithm unfused: opt(9.2)=bit-exact warp=bit-exact tc_fast=bit-exact tc_split=bit-exact
[tc] fused_tc_split vs fused_warp (FP32 FHT) INT4 bytes: differs
[tc] transform timings (avg ms, speedup vs baseline / vs best non-TC)
       baseline   0.100348  1.00x  0.45x
       optimized  0.045283  2.22x  0.99x
       warp       0.044769  2.24x  1.00x
       tc_fast    0.050995  1.97x  0.88x
       tc_split   0.061929  1.62x  0.72x
[tc] fused INT4 timings (avg ms, speedup vs unfused / vs best non-TC fused)
       unfused_int4         0.126700  1.00x  0.36x  quant=reference
       fused_opt_int4       0.084878  1.49x  0.53x  quant=bit-exact
       fused_warp_int4      0.045195  2.80x  1.00x  quant=bit-exact
       fused_tc_fast_int4   0.051181  2.48x  0.88x  quant=bit-exact
       fused_tc_split_int4  0.062291  2.03x  0.73x  quant=bit-exact
