[tc] GPU=NVIDIA H200 sm_90 dtype=fp16 head_dim=64 tokens=131072 normalize=true
[tc] full-tensor absolute check: reference=optimized_regression elements=8388608
[tc] accuracy vs FP64 reference (first 4096 tokens, threshold 1e-02)
       baseline   max_abs=1.900673e-03 max_rel=4.745572e-04 max_ulp=0.500 rmse=2.076521e-04 bit_exact_vs_optimized=1.0000 reference_max_abs=0.000000e+00 REGRESSION_PASS(not PDF verified)
       warp       max_abs=1.900673e-03 max_rel=4.745572e-04 max_ulp=0.500 rmse=2.076521e-04 bit_exact_vs_optimized=1.0000 reference_max_abs=0.000000e+00 REGRESSION_PASS(not PDF verified)
       tc_fast    max_abs=2.137661e-03 max_rel=7.863027e-04 max_ulp=1.244 rmse=2.963044e-04 bit_exact_vs_optimized=0.5980 reference_max_abs=3.906250e-03 REGRESSION_PASS(not PDF verified)
       tc_split   max_abs=1.900673e-03 max_rel=4.745572e-04 max_ulp=0.500 rmse=2.076521e-04 bit_exact_vs_optimized=1.0000 reference_max_abs=1.953125e-03 REGRESSION_PASS(not PDF verified)
[tc] fused vs same-algorithm unfused: opt(9.2)=bit-exact warp=bit-exact tc_fast=bit-exact tc_split=bit-exact
[tc] fused_tc_split vs fused_warp (FP32 FHT) INT4 bytes: differs
[tc] transform timings (avg ms, speedup vs baseline / vs best non-TC)
       baseline   0.084286  1.00x  0.19x
       optimized  0.024918  3.38x  0.65x
       warp       0.016086  5.24x  1.00x
       tc_fast    0.020370  4.14x  0.79x
       tc_split   0.022382  3.77x  0.72x
[tc] fused INT4 timings (avg ms, speedup vs unfused / vs best non-TC fused)
       unfused_int4         0.098521  1.00x  0.23x  quant=reference
       fused_opt_int4       0.084269  1.17x  0.27x  quant=bit-exact
       fused_warp_int4      0.022443  4.39x  1.00x  quant=bit-exact
       fused_tc_fast_int4   0.020716  4.76x  1.08x  quant=bit-exact
       fused_tc_split_int4  0.022756  4.33x  0.99x  quant=bit-exact
