torch.float16 64 1 1 checked 16
torch.float16 64 128 1 checked 16
torch.float16 64 16384 1 checked 16
torch.float16 64 131072 1 checked 16
torch.float16 128 1 1 checked 16
torch.float16 128 128 1 checked 16
torch.float16 128 16384 1 checked 16
torch.float16 128 131072 1 checked 16
torch.float16 256 1 1 checked 16
torch.float16 256 128 1 checked 16
torch.float16 256 16384 1 checked 16
torch.float16 256 131072 1 checked 16
torch.float16 512 1 1 checked 16
torch.float16 512 128 1 checked 16
torch.float16 512 16384 1 checked 16
torch.float16 512 131072 1 checked 16
torch.float16 1024 1 1 checked 16
torch.float16 1024 128 1 checked 16
torch.float16 1024 16384 1 checked 16
torch.float16 1024 131072 1 checked 16
torch.bfloat16 64 1 1 checked 16
torch.bfloat16 64 128 1 checked 16
torch.bfloat16 64 16384 1 checked 16
torch.bfloat16 64 131072 1 checked 16
torch.bfloat16 128 1 1 checked 16
torch.bfloat16 128 128 1 checked 16
torch.bfloat16 128 16384 1 checked 16
torch.bfloat16 128 131072 1 checked 16
torch.bfloat16 256 1 1 checked 16
torch.bfloat16 256 128 1 checked 16
torch.bfloat16 256 16384 1 checked 16
torch.bfloat16 256 131072 1 checked 16
torch.bfloat16 512 1 1 checked 16
torch.bfloat16 512 128 1 checked 16
torch.bfloat16 512 16384 1 checked 16
torch.bfloat16 512 131072 1 checked 16
torch.bfloat16 1024 1 1 checked 16
torch.bfloat16 1024 128 1 checked 16
torch.bfloat16 1024 16384 1 checked 16
torch.bfloat16 1024 131072 1 checked 16
