========= COMPUTE-SANITIZER
[tc] GPU=NVIDIA H200 sm_90 dtype=bf16 head_dim=1024 tokens=5 normalize=true
[tc] full-tensor absolute check: reference=optimized_regression elements=5120
[tc] accuracy vs FP64 reference (first 5 tokens, threshold 5e-02)
       baseline   max_abs=7.798672e-03 max_rel=2.715806e-03 max_ulp=0.499 rmse=1.671386e-03 bit_exact_vs_optimized=1.0000 reference_max_abs=0.000000e+00 REGRESSION_PASS(not PDF verified)
       warp       max_abs=7.798672e-03 max_rel=2.715806e-03 max_ulp=0.499 rmse=1.671386e-03 bit_exact_vs_optimized=1.0000 reference_max_abs=0.000000e+00 REGRESSION_PASS(not PDF verified)
       tc_fast    max_abs=1.110506e-02 max_rel=3.408016e-03 max_ulp=0.711 rmse=2.342097e-03 bit_exact_vs_optimized=0.5771 reference_max_abs=1.562500e-02 REGRESSION_PASS(not PDF verified)
       tc_split   max_abs=7.798672e-03 max_rel=2.715806e-03 max_ulp=0.499 rmse=1.671387e-03 bit_exact_vs_optimized=0.9996 reference_max_abs=7.812500e-03 REGRESSION_PASS(not PDF verified)
[tc] fused vs same-algorithm unfused: opt(9.2)=bit-exact warp=bit-exact tc_fast=n/a tc_split=n/a
[tc] fused_tc_split vs fused_warp (FP32 FHT) INT4 bytes: n/a
[tc] transform timings (avg ms, speedup vs baseline / vs best non-TC)
       baseline   0.175904  1.00x  0.19x
       optimized  0.071488  2.46x  0.47x
       warp       0.033472  5.26x  1.00x
       tc_fast    0.043648  4.03x  0.77x
       tc_split   0.046144  3.81x  0.73x
[tc] fused INT4 timings (avg ms, speedup vs unfused / vs best non-TC fused)
       unfused_int4         0.058976  1.00x  0.38x  quant=reference
       fused_opt_int4       0.087296  0.68x  0.26x  quant=bit-exact
       fused_warp_int4      0.022400  2.63x  1.00x  quant=bit-exact
========= ERROR SUMMARY: 0 errors
